test1
xyz
xyz
<empty export>
<empty weak>
test2
Just 84848484
Nothing
test3
main xyz
ioref finalized
forked xyz
forked <empty>
main <empty>
test4
Just False
Just 0
