["MAIN.DONT_CARE (<built-in>)"]
["Main.CAF (<entire-module>)","Main.main (cls.hs:(6,1)-(12,9))"]
["Main.CAF (<entire-module>)","Main.main (cls.hs:(6,1)-(12,9))"]
